
AVRASM ver. 2.1.30  C:\Users\siava\Documents\CodeVision\Session9_backup\Debug\List\qnineone.asm Sun Apr 24 17:04:20 2016

C:\Users\siava\Documents\CodeVision\Session9_backup\Debug\List\qnineone.asm(1088): warning: Register r4 already defined by the .DEF directive
C:\Users\siava\Documents\CodeVision\Session9_backup\Debug\List\qnineone.asm(1089): warning: Register r5 already defined by the .DEF directive
C:\Users\siava\Documents\CodeVision\Session9_backup\Debug\List\qnineone.asm(1090): warning: Register r6 already defined by the .DEF directive
C:\Users\siava\Documents\CodeVision\Session9_backup\Debug\List\qnineone.asm(1091): warning: Register r7 already defined by the .DEF directive
C:\Users\siava\Documents\CodeVision\Session9_backup\Debug\List\qnineone.asm(1092): warning: Register r9 already defined by the .DEF directive
C:\Users\siava\Documents\CodeVision\Session9_backup\Debug\List\qnineone.asm(1093): warning: Register r10 already defined by the .DEF directive
C:\Users\siava\Documents\CodeVision\Session9_backup\Debug\List\qnineone.asm(1094): warning: Register r11 already defined by the .DEF directive
C:\Users\siava\Documents\CodeVision\Session9_backup\Debug\List\qnineone.asm(1095): warning: Register r8 already defined by the .DEF directive
C:\Users\siava\Documents\CodeVision\Session9_backup\Debug\List\qnineone.asm(1096): warning: Register r13 already defined by the .DEF directive
C:\Users\siava\Documents\CodeVision\Session9_backup\Debug\List\qnineone.asm(1097): warning: Register r12 already defined by the .DEF directive
                 
                 
                 ;CodeVisionAVR C Compiler V3.12 Advanced
                 ;(C) Copyright 1998-2014 Pavel Haiduc, HP InfoTech s.r.l.
                 ;http://www.hpinfotech.com
                 
                 ;Build configuration    : Debug
                 ;Chip type              : ATmega32
                 ;Program type           : Application
                 ;Clock frequency        : 8.000000 MHz
                 ;Memory model           : Small
                 ;Optimize for           : Size
                 ;(s)printf features     : int, width
                 ;(s)scanf features      : int, width
                 ;External RAM size      : 0
                 ;Data Stack size        : 512 byte(s)
                 ;Heap size              : 0 byte(s)
                 ;Promote 'char' to 'int': Yes
                 ;'char' is unsigned     : Yes
                 ;8 bit enums            : Yes
                 ;Global 'const' stored in FLASH: Yes
                 ;Enhanced function parameter passing: Yes
                 ;Enhanced core instructions: On
                 ;Automatic register allocation for global variables: On
                 ;Smart register allocation: On
                 
                 	#define _MODEL_SMALL_
                 
                 	#pragma AVRPART ADMIN PART_NAME ATmega32
                 	#pragma AVRPART MEMORY PROG_FLASH 32768
                 	#pragma AVRPART MEMORY EEPROM 1024
                 	#pragma AVRPART MEMORY INT_SRAM SIZE 2048
                 	#pragma AVRPART MEMORY INT_SRAM START_ADDR 0x60
                 
                 	#define CALL_SUPPORTED 1
                 
                 	.LISTMAC
                 	.EQU UDRE=0x5
                 	.EQU RXC=0x7
                 	.EQU USR=0xB
                 	.EQU UDR=0xC
                 	.EQU SPSR=0xE
                 	.EQU SPDR=0xF
                 	.EQU EERE=0x0
                 	.EQU EEWE=0x1
                 	.EQU EEMWE=0x2
                 	.EQU EECR=0x1C
                 	.EQU EEDR=0x1D
                 	.EQU EEARL=0x1E
                 	.EQU EEARH=0x1F
                 	.EQU WDTCR=0x21
                 	.EQU MCUCR=0x35
                 	.EQU GICR=0x3B
                 	.EQU SPL=0x3D
                 	.EQU SPH=0x3E
                 	.EQU SREG=0x3F
                 
                 	.DEF R0X0=R0
                 	.DEF R0X1=R1
                 	.DEF R0X2=R2
                 	.DEF R0X3=R3
                 	.DEF R0X4=R4
                 	.DEF R0X5=R5
                 	.DEF R0X6=R6
                 	.DEF R0X7=R7
                 	.DEF R0X8=R8
                 	.DEF R0X9=R9
                 	.DEF R0XA=R10
                 	.DEF R0XB=R11
                 	.DEF R0XC=R12
                 	.DEF R0XD=R13
                 	.DEF R0XE=R14
                 	.DEF R0XF=R15
                 	.DEF R0X10=R16
                 	.DEF R0X11=R17
                 	.DEF R0X12=R18
                 	.DEF R0X13=R19
                 	.DEF R0X14=R20
                 	.DEF R0X15=R21
                 	.DEF R0X16=R22
                 	.DEF R0X17=R23
                 	.DEF R0X18=R24
                 	.DEF R0X19=R25
                 	.DEF R0X1A=R26
                 	.DEF R0X1B=R27
                 	.DEF R0X1C=R28
                 	.DEF R0X1D=R29
                 	.DEF R0X1E=R30
                 	.DEF R0X1F=R31
                 
                 	.EQU __SRAM_START=0x0060
                 	.EQU __SRAM_END=0x085F
                 	.EQU __DSTACK_SIZE=0x0200
                 	.EQU __HEAP_SIZE=0x0000
                 	.EQU __CLEAR_SRAM_SIZE=__SRAM_END-__SRAM_START+1
                 
                 	.MACRO __CPD1N
                 	CPI  R30,LOW(@0)
                 	LDI  R26,HIGH(@0)
                 	CPC  R31,R26
                 	LDI  R26,BYTE3(@0)
                 	CPC  R22,R26
                 	LDI  R26,BYTE4(@0)
                 	CPC  R23,R26
                 	.ENDM
                 
                 	.MACRO __CPD2N
                 	CPI  R26,LOW(@0)
                 	LDI  R30,HIGH(@0)
                 	CPC  R27,R30
                 	LDI  R30,BYTE3(@0)
                 	CPC  R24,R30
                 	LDI  R30,BYTE4(@0)
                 	CPC  R25,R30
                 	.ENDM
                 
                 	.MACRO __CPWRR
                 	CP   R@0,R@2
                 	CPC  R@1,R@3
                 	.ENDM
                 
                 	.MACRO __CPWRN
                 	CPI  R@0,LOW(@2)
                 	LDI  R30,HIGH(@2)
                 	CPC  R@1,R30
                 	.ENDM
                 
                 	.MACRO __ADDB1MN
                 	SUBI R30,LOW(-@0-(@1))
                 	.ENDM
                 
                 	.MACRO __ADDB2MN
                 	SUBI R26,LOW(-@0-(@1))
                 	.ENDM
                 
                 	.MACRO __ADDW1MN
                 	SUBI R30,LOW(-@0-(@1))
                 	SBCI R31,HIGH(-@0-(@1))
                 	.ENDM
                 
                 	.MACRO __ADDW2MN
                 	SUBI R26,LOW(-@0-(@1))
                 	SBCI R27,HIGH(-@0-(@1))
                 	.ENDM
                 
                 	.MACRO __ADDW1FN
                 	SUBI R30,LOW(-2*@0-(@1))
                 	SBCI R31,HIGH(-2*@0-(@1))
                 	.ENDM
                 
                 	.MACRO __ADDD1FN
                 	SUBI R30,LOW(-2*@0-(@1))
                 	SBCI R31,HIGH(-2*@0-(@1))
                 	SBCI R22,BYTE3(-2*@0-(@1))
                 	.ENDM
                 
                 	.MACRO __ADDD1N
                 	SUBI R30,LOW(-@0)
                 	SBCI R31,HIGH(-@0)
                 	SBCI R22,BYTE3(-@0)
                 	SBCI R23,BYTE4(-@0)
                 	.ENDM
                 
                 	.MACRO __ADDD2N
                 	SUBI R26,LOW(-@0)
                 	SBCI R27,HIGH(-@0)
                 	SBCI R24,BYTE3(-@0)
                 	SBCI R25,BYTE4(-@0)
                 	.ENDM
                 
                 	.MACRO __SUBD1N
                 	SUBI R30,LOW(@0)
                 	SBCI R31,HIGH(@0)
                 	SBCI R22,BYTE3(@0)
                 	SBCI R23,BYTE4(@0)
                 	.ENDM
                 
                 	.MACRO __SUBD2N
                 	SUBI R26,LOW(@0)
                 	SBCI R27,HIGH(@0)
                 	SBCI R24,BYTE3(@0)
                 	SBCI R25,BYTE4(@0)
                 	.ENDM
                 
                 	.MACRO __ANDBMNN
                 	LDS  R30,@0+(@1)
                 	ANDI R30,LOW(@2)
                 	STS  @0+(@1),R30
                 	.ENDM
                 
                 	.MACRO __ANDWMNN
                 	LDS  R30,@0+(@1)
                 	ANDI R30,LOW(@2)
                 	STS  @0+(@1),R30
                 	LDS  R30,@0+(@1)+1
                 	ANDI R30,HIGH(@2)
                 	STS  @0+(@1)+1,R30
                 	.ENDM
                 
                 	.MACRO __ANDD1N
                 	ANDI R30,LOW(@0)
                 	ANDI R31,HIGH(@0)
                 	ANDI R22,BYTE3(@0)
                 	ANDI R23,BYTE4(@0)
                 	.ENDM
                 
                 	.MACRO __ANDD2N
                 	ANDI R26,LOW(@0)
                 	ANDI R27,HIGH(@0)
                 	ANDI R24,BYTE3(@0)
                 	ANDI R25,BYTE4(@0)
                 	.ENDM
                 
                 	.MACRO __ORBMNN
                 	LDS  R30,@0+(@1)
                 	ORI  R30,LOW(@2)
                 	STS  @0+(@1),R30
                 	.ENDM
                 
                 	.MACRO __ORWMNN
                 	LDS  R30,@0+(@1)
                 	ORI  R30,LOW(@2)
                 	STS  @0+(@1),R30
                 	LDS  R30,@0+(@1)+1
                 	ORI  R30,HIGH(@2)
                 	STS  @0+(@1)+1,R30
                 	.ENDM
                 
                 	.MACRO __ORD1N
                 	ORI  R30,LOW(@0)
                 	ORI  R31,HIGH(@0)
                 	ORI  R22,BYTE3(@0)
                 	ORI  R23,BYTE4(@0)
                 	.ENDM
                 
                 	.MACRO __ORD2N
                 	ORI  R26,LOW(@0)
                 	ORI  R27,HIGH(@0)
                 	ORI  R24,BYTE3(@0)
                 	ORI  R25,BYTE4(@0)
                 	.ENDM
                 
                 	.MACRO __DELAY_USB
                 	LDI  R24,LOW(@0)
                 __DELAY_USB_LOOP:
                 	DEC  R24
                 	BRNE __DELAY_USB_LOOP
                 	.ENDM
                 
                 	.MACRO __DELAY_USW
                 	LDI  R24,LOW(@0)
                 	LDI  R25,HIGH(@0)
                 __DELAY_USW_LOOP:
                 	SBIW R24,1
                 	BRNE __DELAY_USW_LOOP
                 	.ENDM
                 
                 	.MACRO __GETD1S
                 	LDD  R30,Y+@0
                 	LDD  R31,Y+@0+1
                 	LDD  R22,Y+@0+2
                 	LDD  R23,Y+@0+3
                 	.ENDM
                 
                 	.MACRO __GETD2S
                 	LDD  R26,Y+@0
                 	LDD  R27,Y+@0+1
                 	LDD  R24,Y+@0+2
                 	LDD  R25,Y+@0+3
                 	.ENDM
                 
                 	.MACRO __PUTD1S
                 	STD  Y+@0,R30
                 	STD  Y+@0+1,R31
                 	STD  Y+@0+2,R22
                 	STD  Y+@0+3,R23
                 	.ENDM
                 
                 	.MACRO __PUTD2S
                 	STD  Y+@0,R26
                 	STD  Y+@0+1,R27
                 	STD  Y+@0+2,R24
                 	STD  Y+@0+3,R25
                 	.ENDM
                 
                 	.MACRO __PUTDZ2
                 	STD  Z+@0,R26
                 	STD  Z+@0+1,R27
                 	STD  Z+@0+2,R24
                 	STD  Z+@0+3,R25
                 	.ENDM
                 
                 	.MACRO __CLRD1S
                 	STD  Y+@0,R30
                 	STD  Y+@0+1,R30
                 	STD  Y+@0+2,R30
                 	STD  Y+@0+3,R30
                 	.ENDM
                 
                 	.MACRO __POINTB1MN
                 	LDI  R30,LOW(@0+(@1))
                 	.ENDM
                 
                 	.MACRO __POINTW1MN
                 	LDI  R30,LOW(@0+(@1))
                 	LDI  R31,HIGH(@0+(@1))
                 	.ENDM
                 
                 	.MACRO __POINTD1M
                 	LDI  R30,LOW(@0)
                 	LDI  R31,HIGH(@0)
                 	LDI  R22,BYTE3(@0)
                 	LDI  R23,BYTE4(@0)
                 	.ENDM
                 
                 	.MACRO __POINTW1FN
                 	LDI  R30,LOW(2*@0+(@1))
                 	LDI  R31,HIGH(2*@0+(@1))
                 	.ENDM
                 
                 	.MACRO __POINTD1FN
                 	LDI  R30,LOW(2*@0+(@1))
                 	LDI  R31,HIGH(2*@0+(@1))
                 	LDI  R22,BYTE3(2*@0+(@1))
                 	LDI  R23,BYTE4(2*@0+(@1))
                 	.ENDM
                 
                 	.MACRO __POINTB2MN
                 	LDI  R26,LOW(@0+(@1))
                 	.ENDM
                 
                 	.MACRO __POINTW2MN
                 	LDI  R26,LOW(@0+(@1))
                 	LDI  R27,HIGH(@0+(@1))
                 	.ENDM
                 
                 	.MACRO __POINTW2FN
                 	LDI  R26,LOW(2*@0+(@1))
                 	LDI  R27,HIGH(2*@0+(@1))
                 	.ENDM
                 
                 	.MACRO __POINTD2FN
                 	LDI  R26,LOW(2*@0+(@1))
                 	LDI  R27,HIGH(2*@0+(@1))
                 	LDI  R24,BYTE3(2*@0+(@1))
                 	LDI  R25,BYTE4(2*@0+(@1))
                 	.ENDM
                 
                 	.MACRO __POINTBRM
                 	LDI  R@0,LOW(@1)
                 	.ENDM
                 
                 	.MACRO __POINTWRM
                 	LDI  R@0,LOW(@2)
                 	LDI  R@1,HIGH(@2)
                 	.ENDM
                 
                 	.MACRO __POINTBRMN
                 	LDI  R@0,LOW(@1+(@2))
                 	.ENDM
                 
                 	.MACRO __POINTWRMN
                 	LDI  R@0,LOW(@2+(@3))
                 	LDI  R@1,HIGH(@2+(@3))
                 	.ENDM
                 
                 	.MACRO __POINTWRFN
                 	LDI  R@0,LOW(@2*2+(@3))
                 	LDI  R@1,HIGH(@2*2+(@3))
                 	.ENDM
                 
                 	.MACRO __GETD1N
                 	LDI  R30,LOW(@0)
                 	LDI  R31,HIGH(@0)
                 	LDI  R22,BYTE3(@0)
                 	LDI  R23,BYTE4(@0)
                 	.ENDM
                 
                 	.MACRO __GETD2N
                 	LDI  R26,LOW(@0)
                 	LDI  R27,HIGH(@0)
                 	LDI  R24,BYTE3(@0)
                 	LDI  R25,BYTE4(@0)
                 	.ENDM
                 
                 	.MACRO __GETB1MN
                 	LDS  R30,@0+(@1)
                 	.ENDM
                 
                 	.MACRO __GETB1HMN
                 	LDS  R31,@0+(@1)
                 	.ENDM
                 
                 	.MACRO __GETW1MN
                 	LDS  R30,@0+(@1)
                 	LDS  R31,@0+(@1)+1
                 	.ENDM
                 
                 	.MACRO __GETD1MN
                 	LDS  R30,@0+(@1)
                 	LDS  R31,@0+(@1)+1
                 	LDS  R22,@0+(@1)+2
                 	LDS  R23,@0+(@1)+3
                 	.ENDM
                 
                 	.MACRO __GETBRMN
                 	LDS  R@0,@1+(@2)
                 	.ENDM
                 
                 	.MACRO __GETWRMN
                 	LDS  R@0,@2+(@3)
                 	LDS  R@1,@2+(@3)+1
                 	.ENDM
                 
                 	.MACRO __GETWRZ
                 	LDD  R@0,Z+@2
                 	LDD  R@1,Z+@2+1
                 	.ENDM
                 
                 	.MACRO __GETD2Z
                 	LDD  R26,Z+@0
                 	LDD  R27,Z+@0+1
                 	LDD  R24,Z+@0+2
                 	LDD  R25,Z+@0+3
                 	.ENDM
                 
                 	.MACRO __GETB2MN
                 	LDS  R26,@0+(@1)
                 	.ENDM
                 
                 	.MACRO __GETW2MN
                 	LDS  R26,@0+(@1)
                 	LDS  R27,@0+(@1)+1
                 	.ENDM
                 
                 	.MACRO __GETD2MN
                 	LDS  R26,@0+(@1)
                 	LDS  R27,@0+(@1)+1
                 	LDS  R24,@0+(@1)+2
                 	LDS  R25,@0+(@1)+3
                 	.ENDM
                 
                 	.MACRO __PUTB1MN
                 	STS  @0+(@1),R30
                 	.ENDM
                 
                 	.MACRO __PUTW1MN
                 	STS  @0+(@1),R30
                 	STS  @0+(@1)+1,R31
                 	.ENDM
                 
                 	.MACRO __PUTD1MN
                 	STS  @0+(@1),R30
                 	STS  @0+(@1)+1,R31
                 	STS  @0+(@1)+2,R22
                 	STS  @0+(@1)+3,R23
                 	.ENDM
                 
                 	.MACRO __PUTB1EN
                 	LDI  R26,LOW(@0+(@1))
                 	LDI  R27,HIGH(@0+(@1))
                 	CALL __EEPROMWRB
                 	.ENDM
                 
                 	.MACRO __PUTW1EN
                 	LDI  R26,LOW(@0+(@1))
                 	LDI  R27,HIGH(@0+(@1))
                 	CALL __EEPROMWRW
                 	.ENDM
                 
                 	.MACRO __PUTD1EN
                 	LDI  R26,LOW(@0+(@1))
                 	LDI  R27,HIGH(@0+(@1))
                 	CALL __EEPROMWRD
                 	.ENDM
                 
                 	.MACRO __PUTBR0MN
                 	STS  @0+(@1),R0
                 	.ENDM
                 
                 	.MACRO __PUTBMRN
                 	STS  @0+(@1),R@2
                 	.ENDM
                 
                 	.MACRO __PUTWMRN
                 	STS  @0+(@1),R@2
                 	STS  @0+(@1)+1,R@3
                 	.ENDM
                 
                 	.MACRO __PUTBZR
                 	STD  Z+@1,R@0
                 	.ENDM
                 
                 	.MACRO __PUTWZR
                 	STD  Z+@2,R@0
                 	STD  Z+@2+1,R@1
                 	.ENDM
                 
                 	.MACRO __GETW1R
                 	MOV  R30,R@0
                 	MOV  R31,R@1
                 	.ENDM
                 
                 	.MACRO __GETW2R
                 	MOV  R26,R@0
                 	MOV  R27,R@1
                 	.ENDM
                 
                 	.MACRO __GETWRN
                 	LDI  R@0,LOW(@2)
                 	LDI  R@1,HIGH(@2)
                 	.ENDM
                 
                 	.MACRO __PUTW1R
                 	MOV  R@0,R30
                 	MOV  R@1,R31
                 	.ENDM
                 
                 	.MACRO __PUTW2R
                 	MOV  R@0,R26
                 	MOV  R@1,R27
                 	.ENDM
                 
                 	.MACRO __ADDWRN
                 	SUBI R@0,LOW(-@2)
                 	SBCI R@1,HIGH(-@2)
                 	.ENDM
                 
                 	.MACRO __ADDWRR
                 	ADD  R@0,R@2
                 	ADC  R@1,R@3
                 	.ENDM
                 
                 	.MACRO __SUBWRN
                 	SUBI R@0,LOW(@2)
                 	SBCI R@1,HIGH(@2)
                 	.ENDM
                 
                 	.MACRO __SUBWRR
                 	SUB  R@0,R@2
                 	SBC  R@1,R@3
                 	.ENDM
                 
                 	.MACRO __ANDWRN
                 	ANDI R@0,LOW(@2)
                 	ANDI R@1,HIGH(@2)
                 	.ENDM
                 
                 	.MACRO __ANDWRR
                 	AND  R@0,R@2
                 	AND  R@1,R@3
                 	.ENDM
                 
                 	.MACRO __ORWRN
                 	ORI  R@0,LOW(@2)
                 	ORI  R@1,HIGH(@2)
                 	.ENDM
                 
                 	.MACRO __ORWRR
                 	OR   R@0,R@2
                 	OR   R@1,R@3
                 	.ENDM
                 
                 	.MACRO __EORWRR
                 	EOR  R@0,R@2
                 	EOR  R@1,R@3
                 	.ENDM
                 
                 	.MACRO __GETWRS
                 	LDD  R@0,Y+@2
                 	LDD  R@1,Y+@2+1
                 	.ENDM
                 
                 	.MACRO __PUTBSR
                 	STD  Y+@1,R@0
                 	.ENDM
                 
                 	.MACRO __PUTWSR
                 	STD  Y+@2,R@0
                 	STD  Y+@2+1,R@1
                 	.ENDM
                 
                 	.MACRO __MOVEWRR
                 	MOV  R@0,R@2
                 	MOV  R@1,R@3
                 	.ENDM
                 
                 	.MACRO __INWR
                 	IN   R@0,@2
                 	IN   R@1,@2+1
                 	.ENDM
                 
                 	.MACRO __OUTWR
                 	OUT  @2+1,R@1
                 	OUT  @2,R@0
                 	.ENDM
                 
                 	.MACRO __CALL1MN
                 	LDS  R30,@0+(@1)
                 	LDS  R31,@0+(@1)+1
                 	ICALL
                 	.ENDM
                 
                 	.MACRO __CALL1FN
                 	LDI  R30,LOW(2*@0+(@1))
                 	LDI  R31,HIGH(2*@0+(@1))
                 	CALL __GETW1PF
                 	ICALL
                 	.ENDM
                 
                 	.MACRO __CALL2EN
                 	PUSH R26
                 	PUSH R27
                 	LDI  R26,LOW(@0+(@1))
                 	LDI  R27,HIGH(@0+(@1))
                 	CALL __EEPROMRDW
                 	POP  R27
                 	POP  R26
                 	ICALL
                 	.ENDM
                 
                 	.MACRO __CALL2EX
                 	SUBI R26,LOW(-@0)
                 	SBCI R27,HIGH(-@0)
                 	CALL __EEPROMRDD
                 	ICALL
                 	.ENDM
                 
                 	.MACRO __GETW1STACK
                 	IN   R30,SPL
                 	IN   R31,SPH
                 	ADIW R30,@0+1
                 	LD   R0,Z+
                 	LD   R31,Z
                 	MOV  R30,R0
                 	.ENDM
                 
                 	.MACRO __GETD1STACK
                 	IN   R30,SPL
                 	IN   R31,SPH
                 	ADIW R30,@0+1
                 	LD   R0,Z+
                 	LD   R1,Z+
                 	LD   R22,Z
                 	MOVW R30,R0
                 	.ENDM
                 
                 	.MACRO __NBST
                 	BST  R@0,@1
                 	IN   R30,SREG
                 	LDI  R31,0x40
                 	EOR  R30,R31
                 	OUT  SREG,R30
                 	.ENDM
                 
                 
                 	.MACRO __PUTB1SN
                 	LDD  R26,Y+@0
                 	LDD  R27,Y+@0+1
                 	SUBI R26,LOW(-@1)
                 	SBCI R27,HIGH(-@1)
                 	ST   X,R30
                 	.ENDM
                 
                 	.MACRO __PUTW1SN
                 	LDD  R26,Y+@0
                 	LDD  R27,Y+@0+1
                 	SUBI R26,LOW(-@1)
                 	SBCI R27,HIGH(-@1)
                 	ST   X+,R30
                 	ST   X,R31
                 	.ENDM
                 
                 	.MACRO __PUTD1SN
                 	LDD  R26,Y+@0
                 	LDD  R27,Y+@0+1
                 	SUBI R26,LOW(-@1)
                 	SBCI R27,HIGH(-@1)
                 	CALL __PUTDP1
                 	.ENDM
                 
                 	.MACRO __PUTB1SNS
                 	LDD  R26,Y+@0
                 	LDD  R27,Y+@0+1
                 	ADIW R26,@1
                 	ST   X,R30
                 	.ENDM
                 
                 	.MACRO __PUTW1SNS
                 	LDD  R26,Y+@0
                 	LDD  R27,Y+@0+1
                 	ADIW R26,@1
                 	ST   X+,R30
                 	ST   X,R31
                 	.ENDM
                 
                 	.MACRO __PUTD1SNS
                 	LDD  R26,Y+@0
                 	LDD  R27,Y+@0+1
                 	ADIW R26,@1
                 	CALL __PUTDP1
                 	.ENDM
                 
                 	.MACRO __PUTB1PMN
                 	LDS  R26,@0
                 	LDS  R27,@0+1
                 	SUBI R26,LOW(-@1)
                 	SBCI R27,HIGH(-@1)
                 	ST   X,R30
                 	.ENDM
                 
                 	.MACRO __PUTW1PMN
                 	LDS  R26,@0
                 	LDS  R27,@0+1
                 	SUBI R26,LOW(-@1)
                 	SBCI R27,HIGH(-@1)
                 	ST   X+,R30
                 	ST   X,R31
                 	.ENDM
                 
                 	.MACRO __PUTD1PMN
                 	LDS  R26,@0
                 	LDS  R27,@0+1
                 	SUBI R26,LOW(-@1)
                 	SBCI R27,HIGH(-@1)
                 	CALL __PUTDP1
                 	.ENDM
                 
                 	.MACRO __PUTB1PMNS
                 	LDS  R26,@0
                 	LDS  R27,@0+1
                 	ADIW R26,@1
                 	ST   X,R30
                 	.ENDM
                 
                 	.MACRO __PUTW1PMNS
                 	LDS  R26,@0
                 	LDS  R27,@0+1
                 	ADIW R26,@1
                 	ST   X+,R30
                 	ST   X,R31
                 	.ENDM
                 
                 	.MACRO __PUTD1PMNS
                 	LDS  R26,@0
                 	LDS  R27,@0+1
                 	ADIW R26,@1
                 	CALL __PUTDP1
                 	.ENDM
                 
                 	.MACRO __PUTB1RN
                 	MOVW R26,R@0
                 	SUBI R26,LOW(-@1)
                 	SBCI R27,HIGH(-@1)
                 	ST   X,R30
                 	.ENDM
                 
                 	.MACRO __PUTW1RN
                 	MOVW R26,R@0
                 	SUBI R26,LOW(-@1)
                 	SBCI R27,HIGH(-@1)
                 	ST   X+,R30
                 	ST   X,R31
                 	.ENDM
                 
                 	.MACRO __PUTD1RN
                 	MOVW R26,R@0
                 	SUBI R26,LOW(-@1)
                 	SBCI R27,HIGH(-@1)
                 	CALL __PUTDP1
                 	.ENDM
                 
                 	.MACRO __PUTB1RNS
                 	MOVW R26,R@0
                 	ADIW R26,@1
                 	ST   X,R30
                 	.ENDM
                 
                 	.MACRO __PUTW1RNS
                 	MOVW R26,R@0
                 	ADIW R26,@1
                 	ST   X+,R30
                 	ST   X,R31
                 	.ENDM
                 
                 	.MACRO __PUTD1RNS
                 	MOVW R26,R@0
                 	ADIW R26,@1
                 	CALL __PUTDP1
                 	.ENDM
                 
                 	.MACRO __PUTB1RON
                 	MOV  R26,R@0
                 	MOV  R27,R@1
                 	SUBI R26,LOW(-@2)
                 	SBCI R27,HIGH(-@2)
                 	ST   X,R30
                 	.ENDM
                 
                 	.MACRO __PUTW1RON
                 	MOV  R26,R@0
                 	MOV  R27,R@1
                 	SUBI R26,LOW(-@2)
                 	SBCI R27,HIGH(-@2)
                 	ST   X+,R30
                 	ST   X,R31
                 	.ENDM
                 
                 	.MACRO __PUTD1RON
                 	MOV  R26,R@0
                 	MOV  R27,R@1
                 	SUBI R26,LOW(-@2)
                 	SBCI R27,HIGH(-@2)
                 	CALL __PUTDP1
                 	.ENDM
                 
                 	.MACRO __PUTB1RONS
                 	MOV  R26,R@0
                 	MOV  R27,R@1
                 	ADIW R26,@2
                 	ST   X,R30
                 	.ENDM
                 
                 	.MACRO __PUTW1RONS
                 	MOV  R26,R@0
                 	MOV  R27,R@1
                 	ADIW R26,@2
                 	ST   X+,R30
                 	ST   X,R31
                 	.ENDM
                 
                 	.MACRO __PUTD1RONS
                 	MOV  R26,R@0
                 	MOV  R27,R@1
                 	ADIW R26,@2
                 	CALL __PUTDP1
                 	.ENDM
                 
                 
                 	.MACRO __GETB1SX
                 	MOVW R30,R28
                 	SUBI R30,LOW(-@0)
                 	SBCI R31,HIGH(-@0)
                 	LD   R30,Z
                 	.ENDM
                 
                 	.MACRO __GETB1HSX
                 	MOVW R30,R28
                 	SUBI R30,LOW(-@0)
                 	SBCI R31,HIGH(-@0)
                 	LD   R31,Z
                 	.ENDM
                 
                 	.MACRO __GETW1SX
                 	MOVW R30,R28
                 	SUBI R30,LOW(-@0)
                 	SBCI R31,HIGH(-@0)
                 	LD   R0,Z+
                 	LD   R31,Z
                 	MOV  R30,R0
                 	.ENDM
                 
                 	.MACRO __GETD1SX
                 	MOVW R30,R28
                 	SUBI R30,LOW(-@0)
                 	SBCI R31,HIGH(-@0)
                 	LD   R0,Z+
                 	LD   R1,Z+
                 	LD   R22,Z+
                 	LD   R23,Z
                 	MOVW R30,R0
                 	.ENDM
                 
                 	.MACRO __GETB2SX
                 	MOVW R26,R28
                 	SUBI R26,LOW(-@0)
                 	SBCI R27,HIGH(-@0)
                 	LD   R26,X
                 	.ENDM
                 
                 	.MACRO __GETW2SX
                 	MOVW R26,R28
                 	SUBI R26,LOW(-@0)
                 	SBCI R27,HIGH(-@0)
                 	LD   R0,X+
                 	LD   R27,X
                 	MOV  R26,R0
                 	.ENDM
                 
                 	.MACRO __GETD2SX
                 	MOVW R26,R28
                 	SUBI R26,LOW(-@0)
                 	SBCI R27,HIGH(-@0)
                 	LD   R0,X+
                 	LD   R1,X+
                 	LD   R24,X+
                 	LD   R25,X
                 	MOVW R26,R0
                 	.ENDM
                 
                 	.MACRO __GETBRSX
                 	MOVW R30,R28
                 	SUBI R30,LOW(-@1)
                 	SBCI R31,HIGH(-@1)
                 	LD   R@0,Z
                 	.ENDM
                 
                 	.MACRO __GETWRSX
                 	MOVW R30,R28
                 	SUBI R30,LOW(-@2)
                 	SBCI R31,HIGH(-@2)
                 	LD   R@0,Z+
                 	LD   R@1,Z
                 	.ENDM
                 
                 	.MACRO __GETBRSX2
                 	MOVW R26,R28
                 	SUBI R26,LOW(-@1)
                 	SBCI R27,HIGH(-@1)
                 	LD   R@0,X
                 	.ENDM
                 
                 	.MACRO __GETWRSX2
                 	MOVW R26,R28
                 	SUBI R26,LOW(-@2)
                 	SBCI R27,HIGH(-@2)
                 	LD   R@0,X+
                 	LD   R@1,X
                 	.ENDM
                 
                 	.MACRO __LSLW8SX
                 	MOVW R30,R28
                 	SUBI R30,LOW(-@0)
                 	SBCI R31,HIGH(-@0)
                 	LD   R31,Z
                 	CLR  R30
                 	.ENDM
                 
                 	.MACRO __PUTB1SX
                 	MOVW R26,R28
                 	SUBI R26,LOW(-@0)
                 	SBCI R27,HIGH(-@0)
                 	ST   X,R30
                 	.ENDM
                 
                 	.MACRO __PUTW1SX
                 	MOVW R26,R28
                 	SUBI R26,LOW(-@0)
                 	SBCI R27,HIGH(-@0)
                 	ST   X+,R30
                 	ST   X,R31
                 	.ENDM
                 
                 	.MACRO __PUTD1SX
                 	MOVW R26,R28
                 	SUBI R26,LOW(-@0)
                 	SBCI R27,HIGH(-@0)
                 	ST   X+,R30
                 	ST   X+,R31
                 	ST   X+,R22
                 	ST   X,R23
                 	.ENDM
                 
                 	.MACRO __CLRW1SX
                 	MOVW R26,R28
                 	SUBI R26,LOW(-@0)
                 	SBCI R27,HIGH(-@0)
                 	ST   X+,R30
                 	ST   X,R30
                 	.ENDM
                 
                 	.MACRO __CLRD1SX
                 	MOVW R26,R28
                 	SUBI R26,LOW(-@0)
                 	SBCI R27,HIGH(-@0)
                 	ST   X+,R30
                 	ST   X+,R30
                 	ST   X+,R30
                 	ST   X,R30
                 	.ENDM
                 
                 	.MACRO __PUTB2SX
                 	MOVW R30,R28
                 	SUBI R30,LOW(-@0)
                 	SBCI R31,HIGH(-@0)
                 	ST   Z,R26
                 	.ENDM
                 
                 	.MACRO __PUTW2SX
                 	MOVW R30,R28
                 	SUBI R30,LOW(-@0)
                 	SBCI R31,HIGH(-@0)
                 	ST   Z+,R26
                 	ST   Z,R27
                 	.ENDM
                 
                 	.MACRO __PUTD2SX
                 	MOVW R30,R28
                 	SUBI R30,LOW(-@0)
                 	SBCI R31,HIGH(-@0)
                 	ST   Z+,R26
                 	ST   Z+,R27
                 	ST   Z+,R24
                 	ST   Z,R25
                 	.ENDM
                 
                 	.MACRO __PUTBSRX
                 	MOVW R30,R28
                 	SUBI R30,LOW(-@1)
                 	SBCI R31,HIGH(-@1)
                 	ST   Z,R@0
                 	.ENDM
                 
                 	.MACRO __PUTWSRX
                 	MOVW R30,R28
                 	SUBI R30,LOW(-@2)
                 	SBCI R31,HIGH(-@2)
                 	ST   Z+,R@0
                 	ST   Z,R@1
                 	.ENDM
                 
                 	.MACRO __PUTB1SNX
                 	MOVW R26,R28
                 	SUBI R26,LOW(-@0)
                 	SBCI R27,HIGH(-@0)
                 	LD   R0,X+
                 	LD   R27,X
                 	MOV  R26,R0
                 	SUBI R26,LOW(-@1)
                 	SBCI R27,HIGH(-@1)
                 	ST   X,R30
                 	.ENDM
                 
                 	.MACRO __PUTW1SNX
                 	MOVW R26,R28
                 	SUBI R26,LOW(-@0)
                 	SBCI R27,HIGH(-@0)
                 	LD   R0,X+
                 	LD   R27,X
                 	MOV  R26,R0
                 	SUBI R26,LOW(-@1)
                 	SBCI R27,HIGH(-@1)
                 	ST   X+,R30
                 	ST   X,R31
                 	.ENDM
                 
                 	.MACRO __PUTD1SNX
                 	MOVW R26,R28
                 	SUBI R26,LOW(-@0)
                 	SBCI R27,HIGH(-@0)
                 	LD   R0,X+
                 	LD   R27,X
                 	MOV  R26,R0
                 	SUBI R26,LOW(-@1)
                 	SBCI R27,HIGH(-@1)
                 	ST   X+,R30
                 	ST   X+,R31
                 	ST   X+,R22
                 	ST   X,R23
                 	.ENDM
                 
                 	.MACRO __MULBRR
                 	MULS R@0,R@1
                 	MOVW R30,R0
                 	.ENDM
                 
                 	.MACRO __MULBRRU
                 	MUL  R@0,R@1
                 	MOVW R30,R0
                 	.ENDM
                 
                 	.MACRO __MULBRR0
                 	MULS R@0,R@1
                 	.ENDM
                 
                 	.MACRO __MULBRRU0
                 	MUL  R@0,R@1
                 	.ENDM
                 
                 	.MACRO __MULBNWRU
                 	LDI  R26,@2
                 	MUL  R26,R@0
                 	MOVW R30,R0
                 	MUL  R26,R@1
                 	ADD  R31,R0
                 	.ENDM
                 
                 ;NAME DEFINITIONS FOR GLOBAL VARIABLES ALLOCATED TO REGISTERS
                 	.DEF _data=R4
                 	.DEF _data_msb=R5
                 	.DEF _temp_data=R6
                 	.DEF _temp_data_msb=R7
                 	.DEF _temp=R9
                 	.DEF _index=R10
                 	.DEF _index_msb=R11
                 	.DEF __lcd_x=R8
                 	.DEF __lcd_y=R13
                 	.DEF __lcd_maxx=R12
                 
                 	.CSEG
                 	.ORG 0x00
                 
                 ;START OF CODE MARKER
                 __START_OF_CODE:
                 
                 ;INTERRUPT VECTORS
000000 940c 0033 	JMP  __RESET
000002 940c 00cc 	JMP  _ext_int0_isr
000004 940c 00fc 	JMP  _ext_int1_isr
000006 940c 0000 	JMP  0x00
000008 940c 0000 	JMP  0x00
00000a 940c 0000 	JMP  0x00
00000c 940c 0000 	JMP  0x00
00000e 940c 0000 	JMP  0x00
000010 940c 0000 	JMP  0x00
000012 940c 0000 	JMP  0x00
000014 940c 0000 	JMP  0x00
000016 940c 0000 	JMP  0x00
000018 940c 0000 	JMP  0x00
00001a 940c 0000 	JMP  0x00
00001c 940c 0000 	JMP  0x00
00001e 940c 0000 	JMP  0x00
000020 940c 0000 	JMP  0x00
000022 940c 0000 	JMP  0x00
000024 940c 0000 	JMP  0x00
000026 940c 0000 	JMP  0x00
000028 940c 0000 	JMP  0x00
                 
                 ;GLOBAL REGISTER VARIABLES INITIALIZATION
                 __REG_VARS:
00002a 0000      	.DB  0x0,0x0
                 
                 _0x2000003:
00002b c080      	.DB  0x80,0xC0
                 
                 __GLOBAL_INI_TBL:
00002c 0002      	.DW  0x02
00002d 000a      	.DW  0x0A
00002e 0054      	.DW  __REG_VARS*2
                 
00002f 0002      	.DW  0x02
000030 0260      	.DW  __base_y_G100
000031 0056      	.DW  _0x2000003*2
                 
                 _0xFFFFFFFF:
000032 0000      	.DW  0
                 
                 #define __GLOBAL_INI_TBL_PRESENT 1
                 
                 __RESET:
000033 94f8      	CLI
000034 27ee      	CLR  R30
000035 bbec      	OUT  EECR,R30
                 
                 ;INTERRUPT VECTORS ARE PLACED
                 ;AT THE START OF FLASH
000036 e0f1      	LDI  R31,1
000037 bffb      	OUT  GICR,R31
000038 bfeb      	OUT  GICR,R30
000039 bfe5      	OUT  MCUCR,R30
                 
                 ;CLEAR R2-R14
00003a e08d      	LDI  R24,(14-2)+1
00003b e0a2      	LDI  R26,2
00003c 27bb      	CLR  R27
                 __CLEAR_REG:
00003d 93ed      	ST   X+,R30
00003e 958a      	DEC  R24
00003f f7e9      	BRNE __CLEAR_REG
                 
                 ;CLEAR SRAM
000040 e080      	LDI  R24,LOW(__CLEAR_SRAM_SIZE)
000041 e098      	LDI  R25,HIGH(__CLEAR_SRAM_SIZE)
000042 e6a0      	LDI  R26,__SRAM_START
                 __CLEAR_SRAM:
000043 93ed      	ST   X+,R30
000044 9701      	SBIW R24,1
000045 f7e9      	BRNE __CLEAR_SRAM
                 
                 ;GLOBAL VARIABLES INITIALIZATION
000046 e5e8      	LDI  R30,LOW(__GLOBAL_INI_TBL*2)
000047 e0f0      	LDI  R31,HIGH(__GLOBAL_INI_TBL*2)
                 __GLOBAL_INI_NEXT:
000048 9185      	LPM  R24,Z+
000049 9195      	LPM  R25,Z+
00004a 9700      	SBIW R24,0
00004b f061      	BREQ __GLOBAL_INI_END
00004c 91a5      	LPM  R26,Z+
00004d 91b5      	LPM  R27,Z+
00004e 9005      	LPM  R0,Z+
00004f 9015      	LPM  R1,Z+
000050 01bf      	MOVW R22,R30
000051 01f0      	MOVW R30,R0
                 __GLOBAL_INI_LOOP:
000052 9005      	LPM  R0,Z+
000053 920d      	ST   X+,R0
000054 9701      	SBIW R24,1
000055 f7e1      	BRNE __GLOBAL_INI_LOOP
000056 01fb      	MOVW R30,R22
000057 cff0      	RJMP __GLOBAL_INI_NEXT
                 __GLOBAL_INI_END:
                 
                 ;HARDWARE STACK POINTER INITIALIZATION
000058 e5ef      	LDI  R30,LOW(__SRAM_END-__HEAP_SIZE)
000059 bfed      	OUT  SPL,R30
00005a e0e8      	LDI  R30,HIGH(__SRAM_END-__HEAP_SIZE)
00005b bfee      	OUT  SPH,R30
                 
                 ;DATA STACK POINTER INITIALIZATION
00005c e6c0      	LDI  R28,LOW(__SRAM_START+__DSTACK_SIZE)
00005d e0d2      	LDI  R29,HIGH(__SRAM_START+__DSTACK_SIZE)
                 
00005e 940c 011a 	JMP  _main
                 
                 	.ESEG
                 	.ORG 0
                 
                 	.DSEG
                 	.ORG 0x260
                 
                 	.CSEG
                 ;/*******************************************************
                 ;This program was created by the
                 ;CodeWizardAVR V3.12 Advanced
                 ;Automatic Program Generator
                 ;© Copyright 1998-2014 Pavel Haiduc, HP InfoTech s.r.l.
                 ;http://www.hpinfotech.com
                 ;
                 ;Project :
                 ;Version :
                 ;Date    : 4/24/2016
                 ;Author  :
                 ;Company :
                 ;Comments:
                 ;
                 ;
                 ;Chip type               : ATmega32
                 ;Program type            : Application
                 ;AVR Core Clock frequency: 8.000000 MHz
                 ;Memory model            : Small
                 ;External RAM size       : 0
                 ;Data Stack size         : 512
                 ;*******************************************************/
                 ;
                 ;#include <mega32.h>
                 	#ifndef __SLEEP_DEFINED__
                 	#define __SLEEP_DEFINED__
                 	.EQU __se_bit=0x80
                 	.EQU __sm_mask=0x70
                 	.EQU __sm_powerdown=0x20
                 	.EQU __sm_powersave=0x30
                 	.EQU __sm_standby=0x60
                 	.EQU __sm_ext_standby=0x70
                 	.EQU __sm_adc_noise_red=0x10
                 	.SET power_ctrl_reg=mcucr
                 	#endif
                 ;
                 ;// Alphanumeric LCD functions
                 ;#include <alcd.h>
                 ;#include <delay.h>
                 ;
                 ;char eeprom* data;
                 ;char* temp_data;
                 ;char temp;
                 ;int index = 0;
                 ;
                 ;void key_find_save(int row_number)
                 ; 0000 0024 {
                 
                 	.CSEG
                 _key_find_save:
                 ; .FSTART _key_find_save
                 ; 0000 0025 
                 ; 0000 0026     switch(row_number)
000060 93ba      	ST   -Y,R27
000061 93aa      	ST   -Y,R26
                 ;	row_number -> Y+0
000062 81e8      	LD   R30,Y
000063 81f9      	LDD  R31,Y+1
                 ; 0000 0027     {
                 ; 0000 0028         case 4:
000064 30e4      	CPI  R30,LOW(0x4)
000065 e0a0      	LDI  R26,HIGH(0x4)
000066 07fa      	CPC  R31,R26
000067 f489      	BRNE _0x6
                 ; 0000 0029             if(!PINA.0)
000068 99c8      	SBIC 0x19,0
000069 c002      	RJMP _0x7
                 ; 0000 002A                 temp = '0';
00006a e3e0      	LDI  R30,LOW(48)
00006b c00b      	RJMP _0x41
                 ; 0000 002B             else if(!PINA.1)
                 _0x7:
00006c 99c9      	SBIC 0x19,1
00006d c002      	RJMP _0x9
                 ; 0000 002C                 temp = '1';
00006e e3e1      	LDI  R30,LOW(49)
00006f c007      	RJMP _0x41
                 ; 0000 002D             else if(!PINA.2)
                 _0x9:
000070 99ca      	SBIC 0x19,2
000071 c002      	RJMP _0xB
                 ; 0000 002E                 temp = '2';
000072 e3e2      	LDI  R30,LOW(50)
000073 c003      	RJMP _0x41
                 ; 0000 002F             else if(!PINA.3)
                 _0xB:
000074 99cb      	SBIC 0x19,3
000075 c002      	RJMP _0xD
                 ; 0000 0030                 temp = '3';
000076 e3e3      	LDI  R30,LOW(51)
                 _0x41:
000077 2e9e      	MOV  R9,R30
                 ; 0000 0031             break;
                 _0xD:
000078 c041      	RJMP _0x5
                 ; 0000 0032 
                 ; 0000 0033         case 5:
                 _0x6:
000079 30e5      	CPI  R30,LOW(0x5)
00007a e0a0      	LDI  R26,HIGH(0x5)
00007b 07fa      	CPC  R31,R26
00007c f489      	BRNE _0xE
                 ; 0000 0034             if(!PINA.0)
00007d 99c8      	SBIC 0x19,0
00007e c002      	RJMP _0xF
                 ; 0000 0035                 temp = '4';
00007f e3e4      	LDI  R30,LOW(52)
000080 c00b      	RJMP _0x42
                 ; 0000 0036             else if(!PINA.1)
                 _0xF:
000081 99c9      	SBIC 0x19,1
000082 c002      	RJMP _0x11
                 ; 0000 0037                 temp = '5';
000083 e3e5      	LDI  R30,LOW(53)
000084 c007      	RJMP _0x42
                 ; 0000 0038             else if(!PINA.2)
                 _0x11:
000085 99ca      	SBIC 0x19,2
000086 c002      	RJMP _0x13
                 ; 0000 0039                 temp = '6';
000087 e3e6      	LDI  R30,LOW(54)
000088 c003      	RJMP _0x42
                 ; 0000 003A             else if(!PINA.3)
                 _0x13:
000089 99cb      	SBIC 0x19,3
00008a c002      	RJMP _0x15
                 ; 0000 003B                 temp = '7';
00008b e3e7      	LDI  R30,LOW(55)
                 _0x42:
00008c 2e9e      	MOV  R9,R30
                 ; 0000 003C             break;
                 _0x15:
00008d c02c      	RJMP _0x5
                 ; 0000 003D 
                 ; 0000 003E         case 6:
                 _0xE:
00008e 30e6      	CPI  R30,LOW(0x6)
00008f e0a0      	LDI  R26,HIGH(0x6)
000090 07fa      	CPC  R31,R26
000091 f489      	BRNE _0x16
                 ; 0000 003F             if(!PINA.0)
000092 99c8      	SBIC 0x19,0
000093 c002      	RJMP _0x17
                 ; 0000 0040                 temp = '8';
000094 e3e8      	LDI  R30,LOW(56)
000095 c00b      	RJMP _0x43
                 ; 0000 0041             else if(!PINA.1)
                 _0x17:
000096 99c9      	SBIC 0x19,1
000097 c002      	RJMP _0x19
                 ; 0000 0042                 temp = '9';
000098 e3e9      	LDI  R30,LOW(57)
000099 c007      	RJMP _0x43
                 ; 0000 0043             else if(!PINA.2)
                 _0x19:
00009a 99ca      	SBIC 0x19,2
00009b c002      	RJMP _0x1B
                 ; 0000 0044                 temp = 'A';
00009c e4e1      	LDI  R30,LOW(65)
00009d c003      	RJMP _0x43
                 ; 0000 0045             else if(!PINA.3)
                 _0x1B:
00009e 99cb      	SBIC 0x19,3
00009f c002      	RJMP _0x1D
                 ; 0000 0046                 temp = 'B';
0000a0 e4e2      	LDI  R30,LOW(66)
                 _0x43:
0000a1 2e9e      	MOV  R9,R30
                 ; 0000 0047             break;
                 _0x1D:
0000a2 c017      	RJMP _0x5
                 ; 0000 0048 
                 ; 0000 0049         case 7:
                 _0x16:
0000a3 30e7      	CPI  R30,LOW(0x7)
0000a4 e0a0      	LDI  R26,HIGH(0x7)
0000a5 07fa      	CPC  R31,R26
0000a6 f489      	BRNE _0x26
                 ; 0000 004A             if(!PINA.0)
0000a7 99c8      	SBIC 0x19,0
0000a8 c002      	RJMP _0x1F
                 ; 0000 004B                 temp = 'C';
0000a9 e4e3      	LDI  R30,LOW(67)
0000aa c00b      	RJMP _0x44
                 ; 0000 004C             else if(!PINA.1)
                 _0x1F:
0000ab 99c9      	SBIC 0x19,1
0000ac c002      	RJMP _0x21
                 ; 0000 004D                 temp = 'D';
0000ad e4e4      	LDI  R30,LOW(68)
0000ae c007      	RJMP _0x44
                 ; 0000 004E             else if(!PINA.2)
                 _0x21:
0000af 99ca      	SBIC 0x19,2
0000b0 c002      	RJMP _0x23
                 ; 0000 004F                 temp = 'E';
0000b1 e4e5      	LDI  R30,LOW(69)
0000b2 c003      	RJMP _0x44
                 ; 0000 0050             else if(!PINA.3)
                 _0x23:
0000b3 99cb      	SBIC 0x19,3
0000b4 c002      	RJMP _0x25
                 ; 0000 0051                 temp = 'F';
0000b5 e4e6      	LDI  R30,LOW(70)
                 _0x44:
0000b6 2e9e      	MOV  R9,R30
                 ; 0000 0052             break;
                 _0x25:
0000b7 c002      	RJMP _0x5
                 ; 0000 0053 
                 ; 0000 0054         default:
                 _0x26:
                 ; 0000 0055             PORTB = 0xFF;
0000b8 efef      	LDI  R30,LOW(255)
0000b9 bbe8      	OUT  0x18,R30
                 ; 0000 0056     }
                 _0x5:
                 ; 0000 0057 }
0000ba c0cc      	RJMP _0x2020002
                 ; .FEND
                 ;
                 ;void key_find()
                 ; 0000 005A {
                 _key_find:
                 ; .FSTART _key_find
                 ; 0000 005B     PORTA.4 = 0;
0000bb 98dc      	CBI  0x1B,4
                 ; 0000 005C     key_find_save(4);
0000bc e0a4      	LDI  R26,LOW(4)
0000bd d129      	RCALL SUBOPT_0x0
                 ; 0000 005D     delay_ms(50);
                 ; 0000 005E     PORTA.4 = 1;
0000be 9adc      	SBI  0x1B,4
                 ; 0000 005F 
                 ; 0000 0060     PORTA.5 = 0;
0000bf 98dd      	CBI  0x1B,5
                 ; 0000 0061     key_find_save(5);
0000c0 e0a5      	LDI  R26,LOW(5)
0000c1 d125      	RCALL SUBOPT_0x0
                 ; 0000 0062     delay_ms(50);
                 ; 0000 0063     PORTA.5 = 1;
0000c2 9add      	SBI  0x1B,5
                 ; 0000 0064 
                 ; 0000 0065     PORTA.6 = 0;
0000c3 98de      	CBI  0x1B,6
                 ; 0000 0066     key_find_save(6);
0000c4 e0a6      	LDI  R26,LOW(6)
0000c5 d121      	RCALL SUBOPT_0x0
                 ; 0000 0067     delay_ms(50);
                 ; 0000 0068     PORTA.6 = 1;
0000c6 9ade      	SBI  0x1B,6
                 ; 0000 0069 
                 ; 0000 006A     PORTA.7 = 0;
0000c7 98df      	CBI  0x1B,7
                 ; 0000 006B     key_find_save(7);
0000c8 e0a7      	LDI  R26,LOW(7)
0000c9 d11d      	RCALL SUBOPT_0x0
                 ; 0000 006C     delay_ms(50);
                 ; 0000 006D     PORTA.7 = 1;
0000ca 9adf      	SBI  0x1B,7
                 ; 0000 006E }
0000cb 9508      	RET
                 ; .FEND
                 ;
                 ;// External Interrupt 0 service routine
                 ;interrupt [EXT_INT0] void ext_int0_isr(void)
                 ; 0000 0072 {
                 _ext_int0_isr:
                 ; .FSTART _ext_int0_isr
0000cc 920a      	ST   -Y,R0
0000cd 938a      	ST   -Y,R24
0000ce 939a      	ST   -Y,R25
0000cf 93aa      	ST   -Y,R26
0000d0 93ba      	ST   -Y,R27
0000d1 93ea      	ST   -Y,R30
0000d2 93fa      	ST   -Y,R31
0000d3 b7ef      	IN   R30,SREG
0000d4 93ea      	ST   -Y,R30
                 ; 0000 0073     if(temp_data)
0000d5 2c06      	MOV  R0,R6
0000d6 2807      	OR   R0,R7
0000d7 f0d1      	BREQ _0x37
                 ; 0000 0074     {
                 ; 0000 0075         int i;
                 ; 0000 0076         for(i=0; i<15; i++)
0000d8 9722      	SBIW R28,2
                 ;	i -> Y+0
0000d9 e0e0      	LDI  R30,LOW(0)
0000da 83e8      	STD  Y+0,R30
0000db 83e9      	STD  Y+0+1,R30
                 _0x39:
0000dc 81a8      	LD   R26,Y
0000dd 81b9      	LDD  R27,Y+1
0000de 971f      	SBIW R26,15
0000df f48c      	BRGE _0x3A
                 ; 0000 0077             data[i] = temp_data[i];
0000e0 81a8      	LD   R26,Y
0000e1 81b9      	LDD  R27,Y+1
0000e2 0da4      	ADD  R26,R4
0000e3 1db5      	ADC  R27,R5
0000e4 81e8      	LD   R30,Y
0000e5 81f9      	LDD  R31,Y+1
0000e6 0de6      	ADD  R30,R6
0000e7 1df7      	ADC  R31,R7
0000e8 81e0      	LD   R30,Z
0000e9 940e 0210 	CALL __EEPROMWRB
0000eb 81e8      	LD   R30,Y
0000ec 81f9      	LDD  R31,Y+1
0000ed 9631      	ADIW R30,1
0000ee 83e8      	ST   Y,R30
0000ef 83f9      	STD  Y+1,R31
0000f0 cfeb      	RJMP _0x39
                 _0x3A:
                 ; 0000 0078 }
0000f1 9622      	ADIW R28,2
                 ; 0000 0079 }
                 _0x37:
0000f2 91e9      	LD   R30,Y+
0000f3 bfef      	OUT  SREG,R30
0000f4 91f9      	LD   R31,Y+
0000f5 91e9      	LD   R30,Y+
0000f6 91b9      	LD   R27,Y+
0000f7 91a9      	LD   R26,Y+
0000f8 9199      	LD   R25,Y+
0000f9 9189      	LD   R24,Y+
0000fa 9009      	LD   R0,Y+
0000fb 9518      	RETI
                 ; .FEND
                 ;
                 ;// External Interrupt 1 service routine
                 ;interrupt [EXT_INT1] void ext_int1_isr(void)
                 ; 0000 007D {
                 _ext_int1_isr:
                 ; .FSTART _ext_int1_isr
0000fc 920a      	ST   -Y,R0
0000fd 921a      	ST   -Y,R1
0000fe 92fa      	ST   -Y,R15
0000ff 936a      	ST   -Y,R22
000100 937a      	ST   -Y,R23
000101 938a      	ST   -Y,R24
000102 939a      	ST   -Y,R25
000103 93aa      	ST   -Y,R26
000104 93ba      	ST   -Y,R27
000105 93ea      	ST   -Y,R30
000106 93fa      	ST   -Y,R31
000107 b7ef      	IN   R30,SREG
000108 93ea      	ST   -Y,R30
                 ; 0000 007E     lcd_clear();
000109 d07f      	RCALL _lcd_clear
                 ; 0000 007F     lcd_putse(data);
00010a 01d2      	MOVW R26,R4
00010b d09c      	RCALL _lcd_putse
                 ; 0000 0080 }
00010c 91e9      	LD   R30,Y+
00010d bfef      	OUT  SREG,R30
00010e 91f9      	LD   R31,Y+
00010f 91e9      	LD   R30,Y+
000110 91b9      	LD   R27,Y+
000111 91a9      	LD   R26,Y+
000112 9199      	LD   R25,Y+
000113 9189      	LD   R24,Y+
000114 9179      	LD   R23,Y+
000115 9169      	LD   R22,Y+
000116 90f9      	LD   R15,Y+
000117 9019      	LD   R1,Y+
000118 9009      	LD   R0,Y+
000119 9518      	RETI
                 ; .FEND
                 ;
                 ;void main(void)
                 ; 0000 0083 {
                 _main:
                 ; .FSTART _main
                 ; 0000 0084 // Declare your local variables here
                 ; 0000 0085 
                 ; 0000 0086 // Input/Output Ports initialization
                 ; 0000 0087 // Port A initialization
                 ; 0000 0088 // Function: Bit7=In Bit6=In Bit5=In Bit4=In Bit3=In Bit2=In Bit1=In Bit0=In
                 ; 0000 0089 DDRA=(0<<DDA7) | (0<<DDA6) | (0<<DDA5) | (0<<DDA4) | (0<<DDA3) | (0<<DDA2) | (0<<DDA1) | (0<<DDA0);
00011a e0e0      	LDI  R30,LOW(0)
00011b bbea      	OUT  0x1A,R30
                 ; 0000 008A // State: Bit7=T Bit6=T Bit5=T Bit4=T Bit3=T Bit2=T Bit1=T Bit0=T
                 ; 0000 008B PORTA=(0<<PORTA7) | (0<<PORTA6) | (0<<PORTA5) | (0<<PORTA4) | (0<<PORTA3) | (0<<PORTA2) | (0<<PORTA1) | (0<<PORTA0);
00011c bbeb      	OUT  0x1B,R30
                 ; 0000 008C 
                 ; 0000 008D // Port B initialization
                 ; 0000 008E // Function: Bit7=In Bit6=In Bit5=In Bit4=In Bit3=In Bit2=In Bit1=In Bit0=In
                 ; 0000 008F DDRB=(0<<DDB7) | (0<<DDB6) | (0<<DDB5) | (0<<DDB4) | (0<<DDB3) | (0<<DDB2) | (0<<DDB1) | (0<<DDB0);
00011d bbe7      	OUT  0x17,R30
                 ; 0000 0090 // State: Bit7=T Bit6=T Bit5=T Bit4=T Bit3=T Bit2=T Bit1=T Bit0=T
                 ; 0000 0091 PORTB=(0<<PORTB7) | (0<<PORTB6) | (0<<PORTB5) | (0<<PORTB4) | (0<<PORTB3) | (0<<PORTB2) | (0<<PORTB1) | (0<<PORTB0);
00011e bbe8      	OUT  0x18,R30
                 ; 0000 0092 
                 ; 0000 0093 // Port C initialization
                 ; 0000 0094 // Function: Bit7=In Bit6=In Bit5=In Bit4=In Bit3=In Bit2=In Bit1=In Bit0=In
                 ; 0000 0095 DDRC=(0<<DDC7) | (0<<DDC6) | (0<<DDC5) | (0<<DDC4) | (0<<DDC3) | (0<<DDC2) | (0<<DDC1) | (0<<DDC0);
00011f bbe4      	OUT  0x14,R30
                 ; 0000 0096 // State: Bit7=T Bit6=T Bit5=T Bit4=T Bit3=T Bit2=T Bit1=T Bit0=T
                 ; 0000 0097 PORTC=(0<<PORTC7) | (0<<PORTC6) | (0<<PORTC5) | (0<<PORTC4) | (0<<PORTC3) | (0<<PORTC2) | (0<<PORTC1) | (0<<PORTC0);
000120 bbe5      	OUT  0x15,R30
                 ; 0000 0098 
                 ; 0000 0099 // Port D initialization
                 ; 0000 009A // Function: Bit7=In Bit6=In Bit5=In Bit4=In Bit3=In Bit2=In Bit1=In Bit0=In
                 ; 0000 009B DDRD=(0<<DDD7) | (0<<DDD6) | (0<<DDD5) | (0<<DDD4) | (0<<DDD3) | (0<<DDD2) | (0<<DDD1) | (0<<DDD0);
000121 bbe1      	OUT  0x11,R30
                 ; 0000 009C // State: Bit7=T Bit6=T Bit5=T Bit4=T Bit3=T Bit2=T Bit1=T Bit0=T
                 ; 0000 009D PORTD=(0<<PORTD7) | (0<<PORTD6) | (0<<PORTD5) | (0<<PORTD4) | (0<<PORTD3) | (0<<PORTD2) | (0<<PORTD1) | (0<<PORTD0);
000122 bbe2      	OUT  0x12,R30
                 ; 0000 009E 
                 ; 0000 009F // Timer/Counter 0 initialization
                 ; 0000 00A0 // Clock source: System Clock
                 ; 0000 00A1 // Clock value: Timer 0 Stopped
                 ; 0000 00A2 // Mode: Normal top=0xFF
                 ; 0000 00A3 // OC0 output: Disconnected
                 ; 0000 00A4 TCCR0=(0<<WGM00) | (0<<COM01) | (0<<COM00) | (0<<WGM01) | (0<<CS02) | (0<<CS01) | (0<<CS00);
000123 bfe3      	OUT  0x33,R30
                 ; 0000 00A5 TCNT0=0x00;
000124 bfe2      	OUT  0x32,R30
                 ; 0000 00A6 OCR0=0x00;
000125 bfec      	OUT  0x3C,R30
                 ; 0000 00A7 
                 ; 0000 00A8 // Timer/Counter 1 initialization
                 ; 0000 00A9 // Clock source: System Clock
                 ; 0000 00AA // Clock value: Timer1 Stopped
                 ; 0000 00AB // Mode: Normal top=0xFFFF
                 ; 0000 00AC // OC1A output: Disconnected
                 ; 0000 00AD // OC1B output: Disconnected
                 ; 0000 00AE // Noise Canceler: Off
                 ; 0000 00AF // Input Capture on Falling Edge
                 ; 0000 00B0 // Timer1 Overflow Interrupt: Off
                 ; 0000 00B1 // Input Capture Interrupt: Off
                 ; 0000 00B2 // Compare A Match Interrupt: Off
                 ; 0000 00B3 // Compare B Match Interrupt: Off
                 ; 0000 00B4 TCCR1A=(0<<COM1A1) | (0<<COM1A0) | (0<<COM1B1) | (0<<COM1B0) | (0<<WGM11) | (0<<WGM10);
000126 bdef      	OUT  0x2F,R30
                 ; 0000 00B5 TCCR1B=(0<<ICNC1) | (0<<ICES1) | (0<<WGM13) | (0<<WGM12) | (0<<CS12) | (0<<CS11) | (0<<CS10);
000127 bdee      	OUT  0x2E,R30
                 ; 0000 00B6 TCNT1H=0x00;
000128 bded      	OUT  0x2D,R30
                 ; 0000 00B7 TCNT1L=0x00;
000129 bdec      	OUT  0x2C,R30
                 ; 0000 00B8 ICR1H=0x00;
00012a bde7      	OUT  0x27,R30
                 ; 0000 00B9 ICR1L=0x00;
00012b bde6      	OUT  0x26,R30
                 ; 0000 00BA OCR1AH=0x00;
00012c bdeb      	OUT  0x2B,R30
                 ; 0000 00BB OCR1AL=0x00;
00012d bdea      	OUT  0x2A,R30
                 ; 0000 00BC OCR1BH=0x00;
00012e bde9      	OUT  0x29,R30
                 ; 0000 00BD OCR1BL=0x00;
00012f bde8      	OUT  0x28,R30
                 ; 0000 00BE 
                 ; 0000 00BF // Timer/Counter 2 initialization
                 ; 0000 00C0 // Clock source: System Clock
                 ; 0000 00C1 // Clock value: Timer2 Stopped
                 ; 0000 00C2 // Mode: Normal top=0xFF
                 ; 0000 00C3 // OC2 output: Disconnected
                 ; 0000 00C4 ASSR=0<<AS2;
000130 bde2      	OUT  0x22,R30
                 ; 0000 00C5 TCCR2=(0<<PWM2) | (0<<COM21) | (0<<COM20) | (0<<CTC2) | (0<<CS22) | (0<<CS21) | (0<<CS20);
000131 bde5      	OUT  0x25,R30
                 ; 0000 00C6 TCNT2=0x00;
000132 bde4      	OUT  0x24,R30
                 ; 0000 00C7 OCR2=0x00;
000133 bde3      	OUT  0x23,R30
                 ; 0000 00C8 
                 ; 0000 00C9 // Timer(s)/Counter(s) Interrupt(s) initialization
                 ; 0000 00CA TIMSK=(0<<OCIE2) | (0<<TOIE2) | (0<<TICIE1) | (0<<OCIE1A) | (0<<OCIE1B) | (0<<TOIE1) | (0<<OCIE0) | (0<<TOIE0);
000134 bfe9      	OUT  0x39,R30
                 ; 0000 00CB 
                 ; 0000 00CC // External Interrupt(s) initialization
                 ; 0000 00CD // INT0: On
                 ; 0000 00CE // INT0 Mode: Falling Edge
                 ; 0000 00CF // INT1: On
                 ; 0000 00D0 // INT1 Mode: Falling Edge
                 ; 0000 00D1 // INT2: Off
                 ; 0000 00D2 GICR|=(1<<INT1) | (1<<INT0) | (0<<INT2);
000135 b7eb      	IN   R30,0x3B
000136 6ce0      	ORI  R30,LOW(0xC0)
000137 bfeb      	OUT  0x3B,R30
                 ; 0000 00D3 MCUCR=(1<<ISC11) | (0<<ISC10) | (1<<ISC01) | (0<<ISC00);
000138 e0ea      	LDI  R30,LOW(10)
000139 bfe5      	OUT  0x35,R30
                 ; 0000 00D4 MCUCSR=(0<<ISC2);
00013a e0e0      	LDI  R30,LOW(0)
00013b bfe4      	OUT  0x34,R30
                 ; 0000 00D5 GIFR=(1<<INTF1) | (1<<INTF0) | (0<<INTF2);
00013c ece0      	LDI  R30,LOW(192)
00013d bfea      	OUT  0x3A,R30
                 ; 0000 00D6 
                 ; 0000 00D7 // USART initialization
                 ; 0000 00D8 // USART disabled
                 ; 0000 00D9 UCSRB=(0<<RXCIE) | (0<<TXCIE) | (0<<UDRIE) | (0<<RXEN) | (0<<TXEN) | (0<<UCSZ2) | (0<<RXB8) | (0<<TXB8);
00013e e0e0      	LDI  R30,LOW(0)
00013f b9ea      	OUT  0xA,R30
                 ; 0000 00DA 
                 ; 0000 00DB // Analog Comparator initialization
                 ; 0000 00DC // Analog Comparator: Off
                 ; 0000 00DD // The Analog Comparator's positive input is
                 ; 0000 00DE // connected to the AIN0 pin
                 ; 0000 00DF // The Analog Comparator's negative input is
                 ; 0000 00E0 // connected to the AIN1 pin
                 ; 0000 00E1 ACSR=(1<<ACD) | (0<<ACBG) | (0<<ACO) | (0<<ACI) | (0<<ACIE) | (0<<ACIC) | (0<<ACIS1) | (0<<ACIS0);
000140 e8e0      	LDI  R30,LOW(128)
000141 b9e8      	OUT  0x8,R30
                 ; 0000 00E2 SFIOR=(0<<ACME);
000142 e0e0      	LDI  R30,LOW(0)
000143 bfe0      	OUT  0x30,R30
                 ; 0000 00E3 
                 ; 0000 00E4 // ADC initialization
                 ; 0000 00E5 // ADC disabled
                 ; 0000 00E6 ADCSRA=(0<<ADEN) | (0<<ADSC) | (0<<ADATE) | (0<<ADIF) | (0<<ADIE) | (0<<ADPS2) | (0<<ADPS1) | (0<<ADPS0);
000144 b9e6      	OUT  0x6,R30
                 ; 0000 00E7 
                 ; 0000 00E8 // SPI initialization
                 ; 0000 00E9 // SPI disabled
                 ; 0000 00EA SPCR=(0<<SPIE) | (0<<SPE) | (0<<DORD) | (0<<MSTR) | (0<<CPOL) | (0<<CPHA) | (0<<SPR1) | (0<<SPR0);
000145 b9ed      	OUT  0xD,R30
                 ; 0000 00EB 
                 ; 0000 00EC // TWI initialization
                 ; 0000 00ED // TWI disabled
                 ; 0000 00EE TWCR=(0<<TWEA) | (0<<TWSTA) | (0<<TWSTO) | (0<<TWEN) | (0<<TWIE);
000146 bfe6      	OUT  0x36,R30
                 ; 0000 00EF 
                 ; 0000 00F0 // Alphanumeric LCD initialization
                 ; 0000 00F1 // Connections are specified in the
                 ; 0000 00F2 // Project|Configure|C Compiler|Libraries|Alphanumeric LCD menu:
                 ; 0000 00F3 // RS - PORTC Bit 3
                 ; 0000 00F4 // RD - PORTD Bit 7
                 ; 0000 00F5 // EN - PORTD Bit 6
                 ; 0000 00F6 // D4 - PORTB Bit 4
                 ; 0000 00F7 // D5 - PORTB Bit 5
                 ; 0000 00F8 // D6 - PORTB Bit 6
                 ; 0000 00F9 // D7 - PORTB Bit 7
                 ; 0000 00FA // Characters/line: 16
                 ; 0000 00FB lcd_init(16);
000147 e1a0      	LDI  R26,LOW(16)
000148 d073      	RCALL _lcd_init
                 ; 0000 00FC 
                 ; 0000 00FD // Global enable interrupts
                 ; 0000 00FE #asm("sei")
000149 9478      	sei
                 ; 0000 00FF 
                 ; 0000 0100 while (1)
                 _0x3B:
                 ; 0000 0101       {
                 ; 0000 0102       key_find();
00014a df70      	RCALL _key_find
                 ; 0000 0103       temp_data[index] = temp;
00014b 01f5      	MOVW R30,R10
00014c 0de6      	ADD  R30,R6
00014d 1df7      	ADC  R31,R7
00014e 8290      	ST   Z,R9
                 ; 0000 0104       if(index < 15)
00014f e0ef      	LDI  R30,LOW(15)
000150 e0f0      	LDI  R31,HIGH(15)
000151 16ae      	CP   R10,R30
000152 06bf      	CPC  R11,R31
000153 f424      	BRGE _0x3E
                 ; 0000 0105         index++;
000154 01f5      	MOVW R30,R10
000155 9631      	ADIW R30,1
000156 015f      	MOVW R10,R30
                 ; 0000 0106       else
000157 c002      	RJMP _0x3F
                 _0x3E:
                 ; 0000 0107         index = 0;
000158 24aa      	CLR  R10
000159 24bb      	CLR  R11
                 ; 0000 0108       }
                 _0x3F:
00015a cfef      	RJMP _0x3B
                 ; 0000 0109 }
                 _0x40:
00015b cfff      	RJMP _0x40
                 ; .FEND
                 	#ifndef __SLEEP_DEFINED__
                 	#endif
                 
                 	.DSEG
                 
                 	.CSEG
                 __lcd_write_nibble_G100:
                 ; .FSTART __lcd_write_nibble_G100
00015c 93aa      	ST   -Y,R26
00015d b3e8      	IN   R30,0x18
00015e 70ef      	ANDI R30,LOW(0xF)
00015f 2fae      	MOV  R26,R30
000160 81e8      	LD   R30,Y
000161 7fe0      	ANDI R30,LOW(0xF0)
000162 2bea      	OR   R30,R26
000163 bbe8      	OUT  0x18,R30
                +
000164 e08d     +LDI R24 , LOW ( 13 )
                +__DELAY_USB_LOOP :
000165 958a     +DEC R24
000166 f7f1     +BRNE __DELAY_USB_LOOP
                 	__DELAY_USB 13
000167 9a96      	SBI  0x12,6
                +
000168 e08d     +LDI R24 , LOW ( 13 )
                +__DELAY_USB_LOOP :
000169 958a     +DEC R24
00016a f7f1     +BRNE __DELAY_USB_LOOP
                 	__DELAY_USB 13
00016b 9896      	CBI  0x12,6
                +
00016c e08d     +LDI R24 , LOW ( 13 )
                +__DELAY_USB_LOOP :
00016d 958a     +DEC R24
00016e f7f1     +BRNE __DELAY_USB_LOOP
                 	__DELAY_USB 13
00016f c075      	RJMP _0x2020001
                 ; .FEND
                 __lcd_write_data:
                 ; .FSTART __lcd_write_data
000170 93aa      	ST   -Y,R26
000171 81a8      	LD   R26,Y
000172 dfe9      	RCALL __lcd_write_nibble_G100
000173 81e8          ld    r30,y
000174 95e2          swap  r30
000175 83e8          st    y,r30
000176 81a8      	LD   R26,Y
000177 dfe4      	RCALL __lcd_write_nibble_G100
                +
000178 e885     +LDI R24 , LOW ( 133 )
                +__DELAY_USB_LOOP :
000179 958a     +DEC R24
00017a f7f1     +BRNE __DELAY_USB_LOOP
                 	__DELAY_USB 133
00017b c069      	RJMP _0x2020001
                 ; .FEND
                 _lcd_gotoxy:
                 ; .FSTART _lcd_gotoxy
00017c 93aa      	ST   -Y,R26
00017d 81e8      	LD   R30,Y
00017e e0f0      	LDI  R31,0
00017f 5ae0      	SUBI R30,LOW(-__base_y_G100)
000180 4ffd      	SBCI R31,HIGH(-__base_y_G100)
000181 81e0      	LD   R30,Z
000182 81a9      	LDD  R26,Y+1
000183 0fae      	ADD  R26,R30
000184 dfeb      	RCALL __lcd_write_data
000185 8089      	LDD  R8,Y+1
000186 80d8      	LDD  R13,Y+0
                 _0x2020002:
000187 9622      	ADIW R28,2
000188 9508      	RET
                 ; .FEND
                 _lcd_clear:
                 ; .FSTART _lcd_clear
000189 e0a2      	LDI  R26,LOW(2)
00018a d063      	RCALL SUBOPT_0x1
00018b e0ac      	LDI  R26,LOW(12)
00018c dfe3      	RCALL __lcd_write_data
00018d e0a1      	LDI  R26,LOW(1)
00018e d05f      	RCALL SUBOPT_0x1
00018f e0e0      	LDI  R30,LOW(0)
000190 2ede      	MOV  R13,R30
000191 2e8e      	MOV  R8,R30
000192 9508      	RET
                 ; .FEND
                 _lcd_putchar:
                 ; .FSTART _lcd_putchar
000193 93aa      	ST   -Y,R26
000194 81a8      	LD   R26,Y
000195 30aa      	CPI  R26,LOW(0xA)
000196 f011      	BREQ _0x2000005
000197 148c      	CP   R8,R12
000198 f048      	BRLO _0x2000004
                 _0x2000005:
000199 e0e0      	LDI  R30,LOW(0)
00019a 93ea      	ST   -Y,R30
00019b 94d3      	INC  R13
00019c 2dad      	MOV  R26,R13
00019d dfde      	RCALL _lcd_gotoxy
00019e 81a8      	LD   R26,Y
00019f 30aa      	CPI  R26,LOW(0xA)
0001a0 f409      	BRNE _0x2000007
0001a1 c043      	RJMP _0x2020001
                 _0x2000007:
                 _0x2000004:
0001a2 9483      	INC  R8
0001a3 9aab      	SBI  0x15,3
0001a4 81a8      	LD   R26,Y
0001a5 dfca      	RCALL __lcd_write_data
0001a6 98ab      	CBI  0x15,3
0001a7 c03d      	RJMP _0x2020001
                 ; .FEND
                 _lcd_putse:
                 ; .FSTART _lcd_putse
0001a8 93ba      	ST   -Y,R27
0001a9 93aa      	ST   -Y,R26
0001aa 931a      	ST   -Y,R17
                 _0x200000E:
0001ab 81a9      	LDD  R26,Y+1
0001ac 81ba      	LDD  R27,Y+1+1
0001ad 9611      	ADIW R26,1
0001ae 83a9      	STD  Y+1,R26
0001af 83ba      	STD  Y+1+1,R27
0001b0 9711      	SBIW R26,1
0001b1 940e 0204 	CALL __EEPROMRDB
0001b3 2f1e      	MOV  R17,R30
0001b4 30e0      	CPI  R30,0
0001b5 f019      	BREQ _0x2000010
0001b6 2fa1      	MOV  R26,R17
0001b7 dfdb      	RCALL _lcd_putchar
0001b8 cff2      	RJMP _0x200000E
                 _0x2000010:
0001b9 8118      	LDD  R17,Y+0
0001ba 9623      	ADIW R28,3
0001bb 9508      	RET
                 ; .FEND
                 _lcd_init:
                 ; .FSTART _lcd_init
0001bc 93aa      	ST   -Y,R26
0001bd b3e7      	IN   R30,0x17
0001be 6fe0      	ORI  R30,LOW(0xF0)
0001bf bbe7      	OUT  0x17,R30
0001c0 9a8e      	SBI  0x11,6
0001c1 9aa3      	SBI  0x14,3
0001c2 9a8f      	SBI  0x11,7
0001c3 9896      	CBI  0x12,6
0001c4 98ab      	CBI  0x15,3
0001c5 9897      	CBI  0x12,7
0001c6 80c8      	LDD  R12,Y+0
0001c7 81e8      	LD   R30,Y
0001c8 58e0      	SUBI R30,-LOW(128)
                +
0001c9 93e0 0262+STS __base_y_G100 + ( 2 ) , R30
                 	__PUTB1MN __base_y_G100,2
0001cb 81e8      	LD   R30,Y
0001cc 54e0      	SUBI R30,-LOW(192)
                +
0001cd 93e0 0263+STS __base_y_G100 + ( 3 ) , R30
                 	__PUTB1MN __base_y_G100,3
0001cf e1a4      	LDI  R26,LOW(20)
0001d0 e0b0      	LDI  R27,0
0001d1 940e 01fa 	CALL _delay_ms
0001d3 d01f      	RCALL SUBOPT_0x2
0001d4 d01e      	RCALL SUBOPT_0x2
0001d5 d01d      	RCALL SUBOPT_0x2
0001d6 e2a0      	LDI  R26,LOW(32)
0001d7 df84      	RCALL __lcd_write_nibble_G100
                +
0001d8 ec88     +LDI R24 , LOW ( 200 )
0001d9 e090     +LDI R25 , HIGH ( 200 )
                +__DELAY_USW_LOOP :
0001da 9701     +SBIW R24 , 1
0001db f7f1     +BRNE __DELAY_USW_LOOP
                 	__DELAY_USW 200
0001dc e2a8      	LDI  R26,LOW(40)
0001dd df92      	RCALL __lcd_write_data
0001de e0a4      	LDI  R26,LOW(4)
0001df df90      	RCALL __lcd_write_data
0001e0 e8a5      	LDI  R26,LOW(133)
0001e1 df8e      	RCALL __lcd_write_data
0001e2 e0a6      	LDI  R26,LOW(6)
0001e3 df8c      	RCALL __lcd_write_data
0001e4 dfa4      	RCALL _lcd_clear
                 _0x2020001:
0001e5 9621      	ADIW R28,1
0001e6 9508      	RET
                 ; .FEND
                 
                 	.DSEG
                 __base_y_G100:
000260           	.BYTE 0x4
                 
                 	.CSEG
                 ;OPTIMIZER ADDED SUBROUTINE, CALLED 4 TIMES, CODE SIZE REDUCTION:12 WORDS
                 SUBOPT_0x0:
0001e7 e0b0      	LDI  R27,0
0001e8 940e 0060 	CALL _key_find_save
0001ea e3a2      	LDI  R26,LOW(50)
0001eb e0b0      	LDI  R27,0
0001ec 940c 01fa 	JMP  _delay_ms
                 
                 ;OPTIMIZER ADDED SUBROUTINE, CALLED 2 TIMES, CODE SIZE REDUCTION:1 WORDS
                 SUBOPT_0x1:
0001ee df81      	RCALL __lcd_write_data
0001ef e0a3      	LDI  R26,LOW(3)
0001f0 e0b0      	LDI  R27,0
0001f1 940c 01fa 	JMP  _delay_ms
                 
                 ;OPTIMIZER ADDED SUBROUTINE, CALLED 3 TIMES, CODE SIZE REDUCTION:7 WORDS
                 SUBOPT_0x2:
0001f3 e3a0      	LDI  R26,LOW(48)
0001f4 df67      	RCALL __lcd_write_nibble_G100
                +
0001f5 ec88     +LDI R24 , LOW ( 200 )
0001f6 e090     +LDI R25 , HIGH ( 200 )
                +__DELAY_USW_LOOP :
0001f7 9701     +SBIW R24 , 1
0001f8 f7f1     +BRNE __DELAY_USW_LOOP
                 	__DELAY_USW 200
0001f9 9508      	RET
                 
                 
                 	.CSEG
                 _delay_ms:
0001fa 9610      	adiw r26,0
0001fb f039      	breq __delay_ms1
                 __delay_ms0:
                +
0001fc ed80     +LDI R24 , LOW ( 0x7D0 )
0001fd e097     +LDI R25 , HIGH ( 0x7D0 )
                +__DELAY_USW_LOOP :
0001fe 9701     +SBIW R24 , 1
0001ff f7f1     +BRNE __DELAY_USW_LOOP
                 	__DELAY_USW 0x7D0
000200 95a8      	wdr
000201 9711      	sbiw r26,1
000202 f7c9      	brne __delay_ms0
                 __delay_ms1:
000203 9508      	ret
                 
                 __EEPROMRDB:
000204 99e1      	SBIC EECR,EEWE
000205 cffe      	RJMP __EEPROMRDB
000206 93ff      	PUSH R31
000207 b7ff      	IN   R31,SREG
000208 94f8      	CLI
000209 bbae      	OUT  EEARL,R26
00020a bbbf      	OUT  EEARH,R27
00020b 9ae0      	SBI  EECR,EERE
00020c b3ed      	IN   R30,EEDR
00020d bfff      	OUT  SREG,R31
00020e 91ff      	POP  R31
00020f 9508      	RET
                 
                 __EEPROMWRB:
000210 9be1      	SBIS EECR,EEWE
000211 c002      	RJMP __EEPROMWRB1
000212 95a8      	WDR
000213 cffc      	RJMP __EEPROMWRB
                 __EEPROMWRB1:
000214 b79f      	IN   R25,SREG
000215 94f8      	CLI
000216 bbae      	OUT  EEARL,R26
000217 bbbf      	OUT  EEARH,R27
000218 9ae0      	SBI  EECR,EERE
000219 b38d      	IN   R24,EEDR
00021a 17e8      	CP   R30,R24
00021b f019      	BREQ __EEPROMWRB0
00021c bbed      	OUT  EEDR,R30
00021d 9ae2      	SBI  EECR,EEMWE
00021e 9ae1      	SBI  EECR,EEWE
                 __EEPROMWRB0:
00021f bf9f      	OUT  SREG,R25
000220 9508      	RET
                 
                 ;END OF CODE MARKER
                 __END_OF_CODE:


RESOURCE USE INFORMATION
------------------------

Notice:
The register and instruction counts are symbol table hit counts,
and hence implicitly used resources are not counted, eg, the
'lpm' instruction without operands implicitly uses r0 and z,
none of which are counted.

x,y,z are separate entities in the symbol table and are
counted separately from r26..r31 here.

.dseg memory usage only counts static data declared with .byte

ATmega32 register use summary:
r0 :  10 r1 :   3 r2 :   0 r3 :   0 r4 :   2 r5 :   1 r6 :   3 r7 :   3 
r8 :   4 r9 :   5 r10:   5 r11:   2 r12:   2 r13:   4 r14:   0 r15:   2 
r16:   0 r17:   4 r18:   0 r19:   0 r20:   0 r21:   0 r22:   4 r23:   2 
r24:  27 r25:  11 r26:  65 r27:  19 r28:   6 r29:   1 r30: 147 r31:  25 
x  :   3 y  :  85 z  :  10 
Registers used: 27 out of 35 (77.1%)

ATmega32 instruction use summary:
.lds  :   0 .lds.l:   0 .sts  :   0 .sts.l:   0 adc   :   3 add   :   4 
adiw  :   8 and   :   0 andi  :   2 asr   :   0 bclr  :   0 bld   :   0 
brbc  :   0 brbs  :   0 brcc  :   0 brcs  :   0 break :   0 breq  :   6 
brge  :   2 brhc  :   0 brhs  :   0 brid  :   0 brie  :   0 brlo  :   1 
brlt  :   0 brmi  :   0 brne  :  16 brpl  :   0 brsh  :   0 brtc  :   0 
brts  :   0 brvc  :   0 brvs  :   0 bset  :   0 bst   :   0 call  :   4 
cbi   :   9 cbr   :   0 clc   :   0 clh   :   0 cli   :   3 cln   :   0 
clr   :   4 cls   :   0 clt   :   0 clv   :   0 clz   :   0 com   :   0 
cp    :   3 cpc   :   5 cpi   :   7 cpse  :   0 dec   :   5 des   :   0 
eor   :   0 fmul  :   0 fmuls :   0 fmulsu:   0 icall :   0 ijmp  :   0 
in    :   9 inc   :   2 jmp   :  24 ld    :  37 ldd   :  12 ldi   :  77 
lds   :   0 lpm   :   7 lsl   :   0 lsr   :   0 mov   :  11 movw  :   7 
mul   :   0 muls  :   0 mulsu :   0 neg   :   0 nop   :   0 or    :   2 
ori   :   2 out   :  54 pop   :   1 push  :   1 rcall :  28 ret   :   9 
reti  :   2 rjmp  :  46 rol   :   0 ror   :   0 sbc   :   0 sbci  :   1 
sbi   :  13 sbic  :  17 sbis  :   1 sbiw  :  10 sbr   :   0 sbrc  :   0 
sbrs  :   0 sec   :   0 seh   :   0 sei   :   1 sen   :   0 ser   :   0 
ses   :   0 set   :   0 sev   :   0 sez   :   0 sleep :   0 spm   :   0 
st    :  37 std   :   5 sts   :   2 sub   :   0 subi  :   3 swap  :   1 
tst   :   0 wdr   :   2 
Instructions used: 46 out of 116 (39.7%)

ATmega32 memory use summary [bytes]:
Segment   Begin    End      Code   Data   Used    Size   Use%
---------------------------------------------------------------
[.cseg] 0x000000 0x000442   1072     18   1090   32768   3.3%
[.dseg] 0x000060 0x000264      0      4      4    2048   0.2%
[.eseg] 0x000000 0x000000      0      0      0    1024   0.0%

Assembly complete, 0 errors, 10 warnings
