RAM Allocation [bytes]
Variable                                                                          Address   Size
------------------------------------------------------------------------------------------------
_base_y                                                                           0x0260       4

EEPROM Allocation [bytes]
Variable                                                                          Address   Size
------------------------------------------------------------------------------------------------

Register Allocation
Variable                                                                          Register  Size
------------------------------------------------------------------------------------------------
data                                                                              R4,R5        2
temp_data                                                                         R6,R7        2
temp                                                                              R9           1
index                                                                             R10,R11      2
_lcd_x                                                                            R8           1
_lcd_y                                                                            R13          1
_lcd_maxx                                                                         R12          1

FLASH Allocation [words]
Function                                                                          Address   Size
------------------------------------------------------------------------------------------------
key_find_save                                                                     0x00060     91
key_find                                                                          0x000BB     17
ext_int0_isr                                                                      0x000CC     48
ext_int1_isr                                                                      0x000FC     30
main                                                                              0x0011A     66
_lcd_write_nibble_G100                                                            0x0015C     20
_lcd_write_data                                                                   0x00170     12
lcd_gotoxy                                                                        0x0017C     13
lcd_clear                                                                         0x00189     10
lcd_putchar                                                                       0x00193     21
lcd_putse                                                                         0x001A8     20
lcd_init                                                                          0x001BC     43

FLASH Allocation [words]
Function                                                                          Address   Size
------------------------------------------------------------------------------------------------
key_find_save                                                                     0x00060     91
key_find                                                                          0x000BB     17
ext_int0_isr                                                                      0x000CC     48
ext_int1_isr                                                                      0x000FC     30
main                                                                              0x0011A     66
_lcd_write_nibble_G100                                                            0x0015C     20
_lcd_write_data                                                                   0x00170     12
lcd_gotoxy                                                                        0x0017C     13
lcd_clear                                                                         0x00189     10
lcd_putchar                                                                       0x00193     21
lcd_putse                                                                         0x001A8     20
lcd_init                                                                          0x001BC     43
